Command line invocation:
    /Applications/Xcode.app/Contents/Developer/usr/bin/xcodebuild -project Fit.xcodeproj -scheme Fit -configuration Debug -destination "platform=iOS Simulator,name=iPhone 16e" -derivedDataPath DerivedData

2025-10-09 20:11:11.680 xcodebuild[46259:9616555] [MT] IDERunDestination: Supported platforms for the buildables in the current scheme is empty.
ComputePackagePrebuildTargetDependencyGraph

Prepare packages

CreateBuildRequest

SendProjectDescription

CreateBuildOperation

ComputeTargetDependencyGraph
note: Building targets in dependency order
note: Target dependency graph (1 target)
    Target 'Fit' in project 'Fit' (no dependencies)

GatherProvisioningInputs

CreateBuildDescription

ExecuteExternalTool /Applications/Xcode.app/Contents/Developer/Toolchains/XcodeDefault.xctoolchain/usr/bin/clang -v -E -dM -isysroot /Applications/Xcode.app/Contents/Developer/Platforms/iPhoneSimulator.platform/Developer/SDKs/iPhoneSimulator26.0.sdk -x c -c /dev/null

ExecuteExternalTool /Applications/Xcode.app/Contents/Developer/usr/bin/actool --print-asset-tag-combinations --output-format xml1 /Users/lujiaxian/APP/Fit/Fit/Assets.xcassets

ExecuteExternalTool /Applications/Xcode.app/Contents/Developer/usr/bin/actool --version --output-format xml1

ExecuteExternalTool /Applications/Xcode.app/Contents/Developer/Toolchains/XcodeDefault.xctoolchain/usr/bin/swiftc --version

ExecuteExternalTool /Applications/Xcode.app/Contents/Developer/Toolchains/XcodeDefault.xctoolchain/usr/bin/ld -version_details

Build description signature: 313fab3f3a0455436644f56b5709bf92
Build description path: /Users/lujiaxian/APP/Fit/DerivedData/Build/Intermediates.noindex/XCBuildData/313fab3f3a0455436644f56b5709bf92.xcbuilddata
CreateBuildDirectory /Users/lujiaxian/APP/Fit/DerivedData/Build/Products
    cd /Users/lujiaxian/APP/Fit/Fit.xcodeproj
    builtin-create-build-directory /Users/lujiaxian/APP/Fit/DerivedData/Build/Products

CreateBuildDirectory /Users/lujiaxian/APP/Fit/DerivedData/Build/Intermediates.noindex
    cd /Users/lujiaxian/APP/Fit/Fit.xcodeproj
    builtin-create-build-directory /Users/lujiaxian/APP/Fit/DerivedData/Build/Intermediates.noindex

ClangStatCache /Applications/Xcode.app/Contents/Developer/Toolchains/XcodeDefault.xctoolchain/usr/bin/clang-stat-cache /Applications/Xcode.app/Contents/Developer/Platforms/iPhoneSimulator.platform/Developer/SDKs/iPhoneSimulator26.0.sdk /Users/lujiaxian/APP/Fit/DerivedData/SDKStatCaches.noindex/iphonesimulator26.0-23A339-26257891a6c027eb51374368541b8346.sdkstatcache
    cd /Users/lujiaxian/APP/Fit/Fit.xcodeproj
    /Applications/Xcode.app/Contents/Developer/Toolchains/XcodeDefault.xctoolchain/usr/bin/clang-stat-cache /Applications/Xcode.app/Contents/Developer/Platforms/iPhoneSimulator.platform/Developer/SDKs/iPhoneSimulator26.0.sdk -o /Users/lujiaxian/APP/Fit/DerivedData/SDKStatCaches.noindex/iphonesimulator26.0-23A339-26257891a6c027eb51374368541b8346.sdkstatcache
2025-10-09 20:11:13.944 xcodebuild[46259:9616587]  DTDKRemoteDeviceConnection: Failed to start remote service "com.apple.mobile.notification_proxy" on device. Error: Error Domain=com.apple.dtdevicekit Code=811 "Failed to start remote service "com.apple.mobile.notification_proxy" on device." UserInfo={NSUnderlyingError=0xc42fe9050 {Error Domain=com.apple.dt.MobileDeviceErrorDomain Code=-402653158 "The device is passcode protected." UserInfo={MobileDeviceErrorCode=(0xE800001A), com.apple.dtdevicekit.stacktrace=(
	0   DTDeviceKitBase                     0x00000001149fe644 DTDKCreateNSErrorFromAMDErrorCode + 312
	1   DTDeviceKitBase                     0x0000000114a0a3c0 __63-[DTDKRemoteDeviceConnection startFirstServiceOf:unlockKeybag:]_block_invoke + 368
	2   DTDeviceKitBase                     0x0000000114a09bc8 __48-[DTDKRemoteDeviceConnection futureWithSession:]_block_invoke_4 + 28
	3   DTDeviceKitBase                     0x0000000114a006b4 __DTDKExecuteInSession_block_invoke_2 + 68
	4   DTDeviceKitBase                     0x00000001149ffdf4 __DTDKExecuteWithConnection_block_invoke_2 + 216
	5   DTDeviceKitBase                     0x00000001149ffcf0 __DTDKExecuteWithConnection_block_invoke + 104
	6   libdispatch.dylib                   0x0000000181816ac4 _dispatch_client_callout + 16
	7   libdispatch.dylib                   0x000000018180cd64 _dispatch_sync_invoke_and_complete_recurse + 64
	8   libdispatch.dylib                   0x000000018180c7f4 _dispatch_sync_f_slow + 176
	9   DVTFoundation                       0x000000010d1786cc DVTDispatchBarrierSync + 148
	10  DVTFoundation                       0x000000010d17982c -[DVTDispatchLock performLockedBlock:] + 60
	11  DTDeviceKitBase                     0x00000001149ffbf4 DTDKExecuteWithConnection + 200
	12  DTDeviceKitBase                     0x0000000114a00548 DTDKExecuteInSession + 260
	13  DTDeviceKitBase                     0x0000000114a0999c __48-[DTDKRemoteDeviceConnection futureWithSession:]_block_invoke_2 + 204
	14  DVTFoundation                       0x000000010d177a90 __DVT_CALLING_CLIENT_BLOCK__ + 16
	15  DVTFoundation                       0x000000010d178410 __DVTDispatchAsync_block_invoke + 152
	16  libdispatch.dylib                   0x00000001817fcb5c _dispatch_call_block_and_release + 32
	17  libdispatch.dylib                   0x0000000181816ac4 _dispatch_client_callout + 16
	18  libdispatch.dylib                   0x00000001818054e8 _dispatch_lane_serial_drain + 740
	19  libdispatch.dylib                   0x0000000181805ff8 _dispatch_lane_invoke + 440
	20  libdispatch.dylib                   0x0000000181810474 _dispatch_root_queue_drain_deferred_wlh + 292
	21  libdispatch.dylib                   0x000000018180fd6c _dispatch_workloop_worker_thread + 692
	22  libsystem_pthread.dylib             0x00000001819b4e4c _pthread_wqthread + 292
	23  libsystem_pthread.dylib             0x00000001819b3b9c start_wqthread + 8
), DVTRadarComponentKey=261622, NSLocalizedDescription=The device is passcode protected.}}, NSLocalizedRecoverySuggestion=Please check your connection to your device., DVTRadarComponentKey=261622, NSLocalizedDescription=Failed to start remote service "com.apple.mobile.notification_proxy" on device.}

CreateBuildDirectory /Users/lujiaxian/APP/Fit/DerivedData/Build/Products/Debug-iphonesimulator
    cd /Users/lujiaxian/APP/Fit/Fit.xcodeproj
    builtin-create-build-directory /Users/lujiaxian/APP/Fit/DerivedData/Build/Products/Debug-iphonesimulator

CreateBuildDirectory /Users/lujiaxian/APP/Fit/DerivedData/Build/Intermediates.noindex/SwiftExplicitPrecompiledModules
    cd /Users/lujiaxian/APP/Fit/Fit.xcodeproj
    builtin-create-build-directory /Users/lujiaxian/APP/Fit/DerivedData/Build/Intermediates.noindex/SwiftExplicitPrecompiledModules

CreateBuildDirectory /Users/lujiaxian/APP/Fit/DerivedData/Build/Intermediates.noindex/ExplicitPrecompiledModules
    cd /Users/lujiaxian/APP/Fit/Fit.xcodeproj
    builtin-create-build-directory /Users/lujiaxian/APP/Fit/DerivedData/Build/Intermediates.noindex/ExplicitPrecompiledModules

CreateBuildDirectory /Users/lujiaxian/APP/Fit/DerivedData/Build/Intermediates.noindex/EagerLinkingTBDs/Debug-iphonesimulator
    cd /Users/lujiaxian/APP/Fit/Fit.xcodeproj
    builtin-create-build-directory /Users/lujiaxian/APP/Fit/DerivedData/Build/Intermediates.noindex/EagerLinkingTBDs/Debug-iphonesimulator

WriteAuxiliaryFile /Users/lujiaxian/APP/Fit/DerivedData/Build/Intermediates.noindex/Fit.build/Debug-iphonesimulator/Fit-ab2cdc8f629b1a6ad6cb21ac06194f57-VFS-iphonesimulator/all-product-headers.yaml
    cd /Users/lujiaxian/APP/Fit/Fit.xcodeproj
    write-file /Users/lujiaxian/APP/Fit/DerivedData/Build/Intermediates.noindex/Fit.build/Debug-iphonesimulator/Fit-ab2cdc8f629b1a6ad6cb21ac06194f57-VFS-iphonesimulator/all-product-headers.yaml

WriteAuxiliaryFile /Users/lujiaxian/APP/Fit/DerivedData/Build/Intermediates.noindex/Fit.build/Debug-iphonesimulator/Fit.build/empty-Fit.plist (in target 'Fit' from project 'Fit')
    cd /Users/lujiaxian/APP/Fit
    write-file /Users/lujiaxian/APP/Fit/DerivedData/Build/Intermediates.noindex/Fit.build/Debug-iphonesimulator/Fit.build/empty-Fit.plist

WriteAuxiliaryFile /Users/lujiaxian/APP/Fit/DerivedData/Build/Intermediates.noindex/Fit.build/Debug-iphonesimulator/Fit.build/Objects-normal/arm64/Fit.SwiftFileList (in target 'Fit' from project 'Fit')
    cd /Users/lujiaxian/APP/Fit
    write-file /Users/lujiaxian/APP/Fit/DerivedData/Build/Intermediates.noindex/Fit.build/Debug-iphonesimulator/Fit.build/Objects-normal/arm64/Fit.SwiftFileList

WriteAuxiliaryFile /Users/lujiaxian/APP/Fit/DerivedData/Build/Intermediates.noindex/Fit.build/Debug-iphonesimulator/Fit.build/Objects-normal/arm64/Fit.SwiftConstValuesFileList (in target 'Fit' from project 'Fit')
    cd /Users/lujiaxian/APP/Fit
    write-file /Users/lujiaxian/APP/Fit/DerivedData/Build/Intermediates.noindex/Fit.build/Debug-iphonesimulator/Fit.build/Objects-normal/arm64/Fit.SwiftConstValuesFileList

WriteAuxiliaryFile /Users/lujiaxian/APP/Fit/DerivedData/Build/Intermediates.noindex/Fit.build/Debug-iphonesimulator/Fit.build/Objects-normal/arm64/Fit-OutputFileMap.json (in target 'Fit' from project 'Fit')
    cd /Users/lujiaxian/APP/Fit
    write-file /Users/lujiaxian/APP/Fit/DerivedData/Build/Intermediates.noindex/Fit.build/Debug-iphonesimulator/Fit.build/Objects-normal/arm64/Fit-OutputFileMap.json

WriteAuxiliaryFile /Users/lujiaxian/APP/Fit/DerivedData/Build/Intermediates.noindex/Fit.build/Debug-iphonesimulator/Fit.build/Objects-normal/arm64/Fit_const_extract_protocols.json (in target 'Fit' from project 'Fit')
    cd /Users/lujiaxian/APP/Fit
    write-file /Users/lujiaxian/APP/Fit/DerivedData/Build/Intermediates.noindex/Fit.build/Debug-iphonesimulator/Fit.build/Objects-normal/arm64/Fit_const_extract_protocols.json

WriteAuxiliaryFile /Users/lujiaxian/APP/Fit/DerivedData/Build/Intermediates.noindex/Fit.build/Debug-iphonesimulator/Fit.build/Objects-normal/arm64/Fit.LinkFileList (in target 'Fit' from project 'Fit')
    cd /Users/lujiaxian/APP/Fit
    write-file /Users/lujiaxian/APP/Fit/DerivedData/Build/Intermediates.noindex/Fit.build/Debug-iphonesimulator/Fit.build/Objects-normal/arm64/Fit.LinkFileList

WriteAuxiliaryFile /Users/lujiaxian/APP/Fit/DerivedData/Build/Intermediates.noindex/Fit.build/Debug-iphonesimulator/Fit.build/Fit.hmap (in target 'Fit' from project 'Fit')
    cd /Users/lujiaxian/APP/Fit
    write-file /Users/lujiaxian/APP/Fit/DerivedData/Build/Intermediates.noindex/Fit.build/Debug-iphonesimulator/Fit.build/Fit.hmap

WriteAuxiliaryFile /Users/lujiaxian/APP/Fit/DerivedData/Build/Intermediates.noindex/Fit.build/Debug-iphonesimulator/Fit.build/Fit.DependencyStaticMetadataFileList (in target 'Fit' from project 'Fit')
    cd /Users/lujiaxian/APP/Fit
    write-file /Users/lujiaxian/APP/Fit/DerivedData/Build/Intermediates.noindex/Fit.build/Debug-iphonesimulator/Fit.build/Fit.DependencyStaticMetadataFileList

WriteAuxiliaryFile /Users/lujiaxian/APP/Fit/DerivedData/Build/Intermediates.noindex/Fit.build/Debug-iphonesimulator/Fit.build/Fit.DependencyMetadataFileList (in target 'Fit' from project 'Fit')
    cd /Users/lujiaxian/APP/Fit
    write-file /Users/lujiaxian/APP/Fit/DerivedData/Build/Intermediates.noindex/Fit.build/Debug-iphonesimulator/Fit.build/Fit.DependencyMetadataFileList

WriteAuxiliaryFile /Users/lujiaxian/APP/Fit/DerivedData/Build/Intermediates.noindex/Fit.build/Debug-iphonesimulator/Fit.build/Fit-project-headers.hmap (in target 'Fit' from project 'Fit')
    cd /Users/lujiaxian/APP/Fit
    write-file /Users/lujiaxian/APP/Fit/DerivedData/Build/Intermediates.noindex/Fit.build/Debug-iphonesimulator/Fit.build/Fit-project-headers.hmap

WriteAuxiliaryFile /Users/lujiaxian/APP/Fit/DerivedData/Build/Intermediates.noindex/Fit.build/Debug-iphonesimulator/Fit.build/Fit-own-target-headers.hmap (in target 'Fit' from project 'Fit')
    cd /Users/lujiaxian/APP/Fit
    write-file /Users/lujiaxian/APP/Fit/DerivedData/Build/Intermediates.noindex/Fit.build/Debug-iphonesimulator/Fit.build/Fit-own-target-headers.hmap

WriteAuxiliaryFile /Users/lujiaxian/APP/Fit/DerivedData/Build/Intermediates.noindex/Fit.build/Debug-iphonesimulator/Fit.build/Fit-generated-files.hmap (in target 'Fit' from project 'Fit')
    cd /Users/lujiaxian/APP/Fit
    write-file /Users/lujiaxian/APP/Fit/DerivedData/Build/Intermediates.noindex/Fit.build/Debug-iphonesimulator/Fit.build/Fit-generated-files.hmap

WriteAuxiliaryFile /Users/lujiaxian/APP/Fit/DerivedData/Build/Intermediates.noindex/Fit.build/Debug-iphonesimulator/Fit.build/Fit-all-target-headers.hmap (in target 'Fit' from project 'Fit')
    cd /Users/lujiaxian/APP/Fit
    write-file /Users/lujiaxian/APP/Fit/DerivedData/Build/Intermediates.noindex/Fit.build/Debug-iphonesimulator/Fit.build/Fit-all-target-headers.hmap

WriteAuxiliaryFile /Users/lujiaxian/APP/Fit/DerivedData/Build/Intermediates.noindex/Fit.build/Debug-iphonesimulator/Fit.build/Fit-all-non-framework-target-headers.hmap (in target 'Fit' from project 'Fit')
    cd /Users/lujiaxian/APP/Fit
    write-file /Users/lujiaxian/APP/Fit/DerivedData/Build/Intermediates.noindex/Fit.build/Debug-iphonesimulator/Fit.build/Fit-all-non-framework-target-headers.hmap

WriteAuxiliaryFile /Users/lujiaxian/APP/Fit/DerivedData/Build/Intermediates.noindex/Fit.build/Debug-iphonesimulator/Fit.build/Fit-DebugDylibPath-normal-arm64.txt (in target 'Fit' from project 'Fit')
    cd /Users/lujiaxian/APP/Fit
    write-file /Users/lujiaxian/APP/Fit/DerivedData/Build/Intermediates.noindex/Fit.build/Debug-iphonesimulator/Fit.build/Fit-DebugDylibPath-normal-arm64.txt

WriteAuxiliaryFile /Users/lujiaxian/APP/Fit/DerivedData/Build/Intermediates.noindex/Fit.build/Debug-iphonesimulator/Fit.build/Fit-DebugDylibInstallName-normal-arm64.txt (in target 'Fit' from project 'Fit')
    cd /Users/lujiaxian/APP/Fit
    write-file /Users/lujiaxian/APP/Fit/DerivedData/Build/Intermediates.noindex/Fit.build/Debug-iphonesimulator/Fit.build/Fit-DebugDylibInstallName-normal-arm64.txt

MkDir /Users/lujiaxian/APP/Fit/DerivedData/Build/Products/Debug-iphonesimulator/Fit.app (in target 'Fit' from project 'Fit')
    cd /Users/lujiaxian/APP/Fit
    /bin/mkdir -p /Users/lujiaxian/APP/Fit/DerivedData/Build/Products/Debug-iphonesimulator/Fit.app

WriteAuxiliaryFile /Users/lujiaxian/APP/Fit/DerivedData/Build/Intermediates.noindex/Fit.build/Debug-iphonesimulator/Fit.build/DerivedSources/Entitlements-Simulated.plist (in target 'Fit' from project 'Fit')
    cd /Users/lujiaxian/APP/Fit
    write-file /Users/lujiaxian/APP/Fit/DerivedData/Build/Intermediates.noindex/Fit.build/Debug-iphonesimulator/Fit.build/DerivedSources/Entitlements-Simulated.plist

ProcessProductPackaging "" /Users/lujiaxian/APP/Fit/DerivedData/Build/Intermediates.noindex/Fit.build/Debug-iphonesimulator/Fit.build/Fit.app-Simulated.xcent (in target 'Fit' from project 'Fit')
    cd /Users/lujiaxian/APP/Fit
    
    Entitlements:
    
    {
    "application-identifier" = "6P6P5HUVGU.Jason.Fit";
}
    
    builtin-productPackagingUtility -entitlements -format xml -o /Users/lujiaxian/APP/Fit/DerivedData/Build/Intermediates.noindex/Fit.build/Debug-iphonesimulator/Fit.build/Fit.app-Simulated.xcent

ProcessProductPackagingDER /Users/lujiaxian/APP/Fit/DerivedData/Build/Intermediates.noindex/Fit.build/Debug-iphonesimulator/Fit.build/Fit.app-Simulated.xcent /Users/lujiaxian/APP/Fit/DerivedData/Build/Intermediates.noindex/Fit.build/Debug-iphonesimulator/Fit.build/Fit.app-Simulated.xcent.der (in target 'Fit' from project 'Fit')
    cd /Users/lujiaxian/APP/Fit
    /usr/bin/derq query -f xml -i /Users/lujiaxian/APP/Fit/DerivedData/Build/Intermediates.noindex/Fit.build/Debug-iphonesimulator/Fit.build/Fit.app-Simulated.xcent -o /Users/lujiaxian/APP/Fit/DerivedData/Build/Intermediates.noindex/Fit.build/Debug-iphonesimulator/Fit.build/Fit.app-Simulated.xcent.der --raw

Ld /Users/lujiaxian/APP/Fit/DerivedData/Build/Products/Debug-iphonesimulator/Fit.app/__preview.dylib normal (in target 'Fit' from project 'Fit')
    cd /Users/lujiaxian/APP/Fit
    /Applications/Xcode.app/Contents/Developer/Toolchains/XcodeDefault.xctoolchain/usr/bin/clang -Xlinker -reproducible -target arm64-apple-ios26.0-simulator -dynamiclib -isysroot /Applications/Xcode.app/Contents/Developer/Platforms/iPhoneSimulator.platform/Developer/SDKs/iPhoneSimulator26.0.sdk -O0 -L/Users/lujiaxian/APP/Fit/DerivedData/Build/Products/Debug-iphonesimulator -F/Users/lujiaxian/APP/Fit/DerivedData/Build/Products/Debug-iphonesimulator -install_name @rpath/Fit.debug.dylib -dead_strip -rdynamic -Xlinker -no_deduplicate -Xlinker -objc_abi_version -Xlinker 2 -Xlinker -dependency_info -Xlinker /Users/lujiaxian/APP/Fit/DerivedData/Build/Intermediates.noindex/Fit.build/Debug-iphonesimulator/Fit.build/Objects-normal/arm64/Fit_dependency_info.dat -Xlinker -sectcreate -Xlinker __TEXT -Xlinker __entitlements -Xlinker /Users/lujiaxian/APP/Fit/DerivedData/Build/Intermediates.noindex/Fit.build/Debug-iphonesimulator/Fit.build/Fit.app-Simulated.xcent -Xlinker -sectcreate -Xlinker __TEXT -Xlinker __ents_der -Xlinker /Users/lujiaxian/APP/Fit/DerivedData/Build/Intermediates.noindex/Fit.build/Debug-iphonesimulator/Fit.build/Fit.app-Simulated.xcent.der -Xlinker -no_adhoc_codesign -o /Users/lujiaxian/APP/Fit/DerivedData/Build/Products/Debug-iphonesimulator/Fit.app/__preview.dylib

GenerateAssetSymbols /Users/lujiaxian/APP/Fit/Fit/Assets.xcassets (in target 'Fit' from project 'Fit')
    cd /Users/lujiaxian/APP/Fit
    /Applications/Xcode.app/Contents/Developer/usr/bin/actool /Users/lujiaxian/APP/Fit/Fit/Assets.xcassets --compile /Users/lujiaxian/APP/Fit/DerivedData/Build/Products/Debug-iphonesimulator/Fit.app --output-format human-readable-text --notices --warnings --export-dependency-info /Users/lujiaxian/APP/Fit/DerivedData/Build/Intermediates.noindex/Fit.build/Debug-iphonesimulator/Fit.build/assetcatalog_dependencies --output-partial-info-plist /Users/lujiaxian/APP/Fit/DerivedData/Build/Intermediates.noindex/Fit.build/Debug-iphonesimulator/Fit.build/assetcatalog_generated_info.plist --app-icon AppIcon --accent-color AccentColor --compress-pngs --enable-on-demand-resources YES --development-region en --target-device iphone --target-device ipad --minimum-deployment-target 26.0 --platform iphonesimulator --bundle-identifier Jason.Fit --generate-swift-asset-symbols /Users/lujiaxian/APP/Fit/DerivedData/Build/Intermediates.noindex/Fit.build/Debug-iphonesimulator/Fit.build/DerivedSources/GeneratedAssetSymbols.swift --generate-objc-asset-symbols /Users/lujiaxian/APP/Fit/DerivedData/Build/Intermediates.noindex/Fit.build/Debug-iphonesimulator/Fit.build/DerivedSources/GeneratedAssetSymbols.h --generate-asset-symbol-index /Users/lujiaxian/APP/Fit/DerivedData/Build/Intermediates.noindex/Fit.build/Debug-iphonesimulator/Fit.build/DerivedSources/GeneratedAssetSymbols-Index.plist
/* com.apple.actool.compilation-results */
/Users/lujiaxian/APP/Fit/DerivedData/Build/Intermediates.noindex/Fit.build/Debug-iphonesimulator/Fit.build/DerivedSources/GeneratedAssetSymbols-Index.plist
/Users/lujiaxian/APP/Fit/DerivedData/Build/Intermediates.noindex/Fit.build/Debug-iphonesimulator/Fit.build/DerivedSources/GeneratedAssetSymbols.h
/Users/lujiaxian/APP/Fit/DerivedData/Build/Intermediates.noindex/Fit.build/Debug-iphonesimulator/Fit.build/DerivedSources/GeneratedAssetSymbols.swift


MkDir /Users/lujiaxian/APP/Fit/DerivedData/Build/Intermediates.noindex/Fit.build/Debug-iphonesimulator/Fit.build/assetcatalog_output/thinned (in target 'Fit' from project 'Fit')
    cd /Users/lujiaxian/APP/Fit
    /bin/mkdir -p /Users/lujiaxian/APP/Fit/DerivedData/Build/Intermediates.noindex/Fit.build/Debug-iphonesimulator/Fit.build/assetcatalog_output/thinned

MkDir /Users/lujiaxian/APP/Fit/DerivedData/Build/Intermediates.noindex/Fit.build/Debug-iphonesimulator/Fit.build/assetcatalog_output/unthinned (in target 'Fit' from project 'Fit')
    cd /Users/lujiaxian/APP/Fit
    /bin/mkdir -p /Users/lujiaxian/APP/Fit/DerivedData/Build/Intermediates.noindex/Fit.build/Debug-iphonesimulator/Fit.build/assetcatalog_output/unthinned

CompileAssetCatalogVariant thinned /Users/lujiaxian/APP/Fit/DerivedData/Build/Products/Debug-iphonesimulator/Fit.app /Users/lujiaxian/APP/Fit/Fit/Assets.xcassets (in target 'Fit' from project 'Fit')
    cd /Users/lujiaxian/APP/Fit
    /Applications/Xcode.app/Contents/Developer/usr/bin/actool /Users/lujiaxian/APP/Fit/Fit/Assets.xcassets --compile /Users/lujiaxian/APP/Fit/DerivedData/Build/Intermediates.noindex/Fit.build/Debug-iphonesimulator/Fit.build/assetcatalog_output/thinned --output-format human-readable-text --notices --warnings --export-dependency-info /Users/lujiaxian/APP/Fit/DerivedData/Build/Intermediates.noindex/Fit.build/Debug-iphonesimulator/Fit.build/assetcatalog_dependencies_thinned --output-partial-info-plist /Users/lujiaxian/APP/Fit/DerivedData/Build/Intermediates.noindex/Fit.build/Debug-iphonesimulator/Fit.build/assetcatalog_generated_info.plist_thinned --app-icon AppIcon --accent-color AccentColor --compress-pngs --enable-on-demand-resources YES --filter-for-thinning-device-configuration iPhone17,5 --filter-for-device-os-version 26.0 --development-region en --target-device iphone --target-device ipad --minimum-deployment-target 26.0 --platform iphonesimulator
/* com.apple.actool.compilation-results */
/Users/lujiaxian/APP/Fit/DerivedData/Build/Intermediates.noindex/Fit.build/Debug-iphonesimulator/Fit.build/assetcatalog_generated_info.plist_thinned


SwiftDriver Fit normal arm64 com.apple.xcode.tools.swift.compiler (in target 'Fit' from project 'Fit')
    cd /Users/lujiaxian/APP/Fit
    builtin-SwiftDriver -- /Applications/Xcode.app/Contents/Developer/Toolchains/XcodeDefault.xctoolchain/usr/bin/swiftc -module-name Fit -Onone -enforce-exclusivity\=checked @/Users/lujiaxian/APP/Fit/DerivedData/Build/Intermediates.noindex/Fit.build/Debug-iphonesimulator/Fit.build/Objects-normal/arm64/Fit.SwiftFileList -DDEBUG -default-isolation\=MainActor -enable-bare-slash-regex -enable-upcoming-feature DisableOutwardActorInference -enable-upcoming-feature InferSendableFromCaptures -enable-upcoming-feature GlobalActorIsolatedTypesUsability -enable-upcoming-feature MemberImportVisibility -enable-upcoming-feature InferIsolatedConformances -enable-upcoming-feature NonisolatedNonsendingByDefault -enable-experimental-feature DebugDescriptionMacro -sdk /Applications/Xcode.app/Contents/Developer/Platforms/iPhoneSimulator.platform/Developer/SDKs/iPhoneSimulator26.0.sdk -target arm64-apple-ios26.0-simulator -g -module-cache-path /Users/lujiaxian/APP/Fit/DerivedData/ModuleCache.noindex -Xfrontend -serialize-debugging-options -enable-testing -index-store-path /Users/lujiaxian/APP/Fit/DerivedData/Index.noindex/DataStore -Xcc -D_LIBCPP_HARDENING_MODE\=_LIBCPP_HARDENING_MODE_DEBUG -swift-version 5 -I /Users/lujiaxian/APP/Fit/DerivedData/Build/Products/Debug-iphonesimulator -F /Users/lujiaxian/APP/Fit/DerivedData/Build/Products/Debug-iphonesimulator -emit-localized-strings -emit-localized-strings-path /Users/lujiaxian/APP/Fit/DerivedData/Build/Intermediates.noindex/Fit.build/Debug-iphonesimulator/Fit.build/Objects-normal/arm64 -c -j10 -enable-batch-mode -incremental -Xcc -ivfsstatcache -Xcc /Users/lujiaxian/APP/Fit/DerivedData/SDKStatCaches.noindex/iphonesimulator26.0-23A339-26257891a6c027eb51374368541b8346.sdkstatcache -output-file-map /Users/lujiaxian/APP/Fit/DerivedData/Build/Intermediates.noindex/Fit.build/Debug-iphonesimulator/Fit.build/Objects-normal/arm64/Fit-OutputFileMap.json -use-frontend-parseable-output -save-temps -no-color-diagnostics -explicit-module-build -module-cache-path /Users/lujiaxian/APP/Fit/DerivedData/Build/Intermediates.noindex/SwiftExplicitPrecompiledModules -clang-scanner-module-cache-path /Users/lujiaxian/APP/Fit/DerivedData/ModuleCache.noindex -sdk-module-cache-path /Users/lujiaxian/APP/Fit/DerivedData/ModuleCache.noindex -serialize-diagnostics -emit-dependencies -emit-module -emit-module-path /Users/lujiaxian/APP/Fit/DerivedData/Build/Intermediates.noindex/Fit.build/Debug-iphonesimulator/Fit.build/Objects-normal/arm64/Fit.swiftmodule -validate-clang-modules-once -clang-build-session-file /Users/lujiaxian/APP/Fit/DerivedData/ModuleCache.noindex/Session.modulevalidation -Xcc -I/Users/lujiaxian/APP/Fit/DerivedData/Build/Intermediates.noindex/Fit.build/Debug-iphonesimulator/Fit.build/swift-overrides.hmap -emit-const-values -Xfrontend -const-gather-protocols-file -Xfrontend /Users/lujiaxian/APP/Fit/DerivedData/Build/Intermediates.noindex/Fit.build/Debug-iphonesimulator/Fit.build/Objects-normal/arm64/Fit_const_extract_protocols.json -Xcc -iquote -Xcc /Users/lujiaxian/APP/Fit/DerivedData/Build/Intermediates.noindex/Fit.build/Debug-iphonesimulator/Fit.build/Fit-generated-files.hmap -Xcc -I/Users/lujiaxian/APP/Fit/DerivedData/Build/Intermediates.noindex/Fit.build/Debug-iphonesimulator/Fit.build/Fit-own-target-headers.hmap -Xcc -I/Users/lujiaxian/APP/Fit/DerivedData/Build/Intermediates.noindex/Fit.build/Debug-iphonesimulator/Fit.build/Fit-all-target-headers.hmap -Xcc -iquote -Xcc /Users/lujiaxian/APP/Fit/DerivedData/Build/Intermediates.noindex/Fit.build/Debug-iphonesimulator/Fit.build/Fit-project-headers.hmap -Xcc -I/Users/lujiaxian/APP/Fit/DerivedData/Build/Products/Debug-iphonesimulator/include -Xcc -I/Users/lujiaxian/APP/Fit/DerivedData/Build/Intermediates.noindex/Fit.build/Debug-iphonesimulator/Fit.build/DerivedSources-normal/arm64 -Xcc -I/Users/lujiaxian/APP/Fit/DerivedData/Build/Intermediates.noindex/Fit.build/Debug-iphonesimulator/Fit.build/DerivedSources/arm64 -Xcc -I/Users/lujiaxian/APP/Fit/DerivedData/Build/Intermediates.noindex/Fit.build/Debug-iphonesimulator/Fit.build/DerivedSources -Xcc -DDEBUG\=1 -emit-objc-header -emit-objc-header-path /Users/lujiaxian/APP/Fit/DerivedData/Build/Intermediates.noindex/Fit.build/Debug-iphonesimulator/Fit.build/Objects-normal/arm64/Fit-Swift.h -working-directory /Users/lujiaxian/APP/Fit -experimental-emit-module-separately -disable-cmo

LinkAssetCatalog /Users/lujiaxian/APP/Fit/Fit/Assets.xcassets (in target 'Fit' from project 'Fit')
    cd /Users/lujiaxian/APP/Fit
    builtin-linkAssetCatalog --thinned /Users/lujiaxian/APP/Fit/DerivedData/Build/Intermediates.noindex/Fit.build/Debug-iphonesimulator/Fit.build/assetcatalog_output/thinned --thinned-dependencies /Users/lujiaxian/APP/Fit/DerivedData/Build/Intermediates.noindex/Fit.build/Debug-iphonesimulator/Fit.build/assetcatalog_dependencies_thinned --thinned-info-plist-content /Users/lujiaxian/APP/Fit/DerivedData/Build/Intermediates.noindex/Fit.build/Debug-iphonesimulator/Fit.build/assetcatalog_generated_info.plist_thinned --unthinned /Users/lujiaxian/APP/Fit/DerivedData/Build/Intermediates.noindex/Fit.build/Debug-iphonesimulator/Fit.build/assetcatalog_output/unthinned --unthinned-dependencies /Users/lujiaxian/APP/Fit/DerivedData/Build/Intermediates.noindex/Fit.build/Debug-iphonesimulator/Fit.build/assetcatalog_dependencies_unthinned --unthinned-info-plist-content /Users/lujiaxian/APP/Fit/DerivedData/Build/Intermediates.noindex/Fit.build/Debug-iphonesimulator/Fit.build/assetcatalog_generated_info.plist_unthinned --output /Users/lujiaxian/APP/Fit/DerivedData/Build/Products/Debug-iphonesimulator/Fit.app --plist-output /Users/lujiaxian/APP/Fit/DerivedData/Build/Intermediates.noindex/Fit.build/Debug-iphonesimulator/Fit.build/assetcatalog_generated_info.plist

ProcessInfoPlistFile /Users/lujiaxian/APP/Fit/DerivedData/Build/Products/Debug-iphonesimulator/Fit.app/Info.plist /Users/lujiaxian/APP/Fit/DerivedData/Build/Intermediates.noindex/Fit.build/Debug-iphonesimulator/Fit.build/empty-Fit.plist (in target 'Fit' from project 'Fit')
    cd /Users/lujiaxian/APP/Fit
    builtin-infoPlistUtility /Users/lujiaxian/APP/Fit/DerivedData/Build/Intermediates.noindex/Fit.build/Debug-iphonesimulator/Fit.build/empty-Fit.plist -producttype com.apple.product-type.application -genpkginfo /Users/lujiaxian/APP/Fit/DerivedData/Build/Products/Debug-iphonesimulator/Fit.app/PkgInfo -expandbuildsettings -format binary -platform iphonesimulator -additionalcontentfile /Users/lujiaxian/APP/Fit/DerivedData/Build/Intermediates.noindex/Fit.build/Debug-iphonesimulator/Fit.build/assetcatalog_generated_info.plist -o /Users/lujiaxian/APP/Fit/DerivedData/Build/Products/Debug-iphonesimulator/Fit.app/Info.plist

SwiftExplicitDependencyGeneratePcm arm64 /Users/lujiaxian/APP/Fit/DerivedData/ModuleCache.noindex/SwiftShims-ALU170CZVIZTW378TPP7V5WEJ.pcm

SwiftExplicitDependencyGeneratePcm arm64 /Users/lujiaxian/APP/Fit/DerivedData/ModuleCache.noindex/_SwiftConcurrencyShims-F1NO847YECNF5CBYPODDME3QH.pcm

SwiftExplicitDependencyGeneratePcm arm64 /Users/lujiaxian/APP/Fit/DerivedData/ModuleCache.noindex/ptrauth-ALR8FF32NMOY9Z7KELLUFWE92.pcm

SwiftExplicitDependencyGeneratePcm arm64 /Users/lujiaxian/APP/Fit/DerivedData/ModuleCache.noindex/_Builtin_float-BA1D8W5IYR7WOD7BJFTUSBHC4.pcm

SwiftExplicitDependencyGeneratePcm arm64 /Users/lujiaxian/APP/Fit/DerivedData/ModuleCache.noindex/DeveloperToolsSupport-7PKDCWWUGV36EXZ8NCXR2RG2E.pcm

SwiftExplicitDependencyGeneratePcm arm64 /Users/lujiaxian/APP/Fit/DerivedData/ModuleCache.noindex/_Builtin_stddef-73H4OBMMEJ14LDV19PSXPTX99.pcm

SwiftExplicitDependencyGeneratePcm arm64 /Users/lujiaxian/APP/Fit/DerivedData/ModuleCache.noindex/_Builtin_stdarg-A4SQ3NGE89C4YFVPWXKI37X6V.pcm

SwiftExplicitDependencyGeneratePcm arm64 /Users/lujiaxian/APP/Fit/DerivedData/ModuleCache.noindex/_Builtin_stdbool-4J3MRNEZ71XNYFSWGOIMC29P8.pcm

SwiftExplicitDependencyGeneratePcm arm64 /Users/lujiaxian/APP/Fit/DerivedData/ModuleCache.noindex/ptrcheck-56SSRVT7370QCEP2FC27E0HKR.pcm

SwiftExplicitDependencyGeneratePcm arm64 /Users/lujiaxian/APP/Fit/DerivedData/ModuleCache.noindex/_AvailabilityInternal-D0S8JLXB2D1ONZIQYF3MQ8B76.pcm

SwiftExplicitDependencyGeneratePcm arm64 /Users/lujiaxian/APP/Fit/DerivedData/ModuleCache.noindex/_DarwinFoundation1-36VNUC5XACITO6AA4LU10AJAJ.pcm

SwiftExplicitDependencyGeneratePcm arm64 /Users/lujiaxian/APP/Fit/DerivedData/ModuleCache.noindex/_Builtin_limits-1DF4DV0JIPVJ6JEZKXE4S25IX.pcm

SwiftExplicitDependencyGeneratePcm arm64 /Users/lujiaxian/APP/Fit/DerivedData/ModuleCache.noindex/_DarwinFoundation2-1WFTZ90X53V85IFK8OCY3NEJJ.pcm

SwiftExplicitDependencyGeneratePcm arm64 /Users/lujiaxian/APP/Fit/DerivedData/ModuleCache.noindex/sys_types-4KP88RYGMQ4Y9P983WDXHX2OF.pcm

SwiftExplicitDependencyGeneratePcm arm64 /Users/lujiaxian/APP/Fit/DerivedData/ModuleCache.noindex/_Builtin_tgmath-BG5X37VZNM9ABMU4ESL52TTIA.pcm

SwiftExplicitDependencyGeneratePcm arm64 /Users/lujiaxian/APP/Fit/DerivedData/ModuleCache.noindex/_Builtin_stdint-6L53ZRC5VUT8BZK0GGT3Z9VV3.pcm

SwiftExplicitDependencyGeneratePcm arm64 /Users/lujiaxian/APP/Fit/DerivedData/ModuleCache.noindex/_Builtin_stdatomic-5UFF5IX273W91YKWRMPEKUD2M.pcm

SwiftExplicitDependencyGeneratePcm arm64 /Users/lujiaxian/APP/Fit/DerivedData/ModuleCache.noindex/_Builtin_intrinsics-4B8L3U2KPVQ45D6C0QNYDIWD8.pcm

SwiftExplicitDependencyGeneratePcm arm64 /Users/lujiaxian/APP/Fit/DerivedData/ModuleCache.noindex/_DarwinFoundation3-3MPXCTAUV0ZF13NIBRQK47Q54.pcm

SwiftExplicitDependencyGeneratePcm arm64 /Users/lujiaxian/APP/Fit/DerivedData/ModuleCache.noindex/_Builtin_inttypes-A6GHCV2UIXS99W4733238Y72D.pcm

SwiftExplicitDependencyGeneratePcm arm64 /Users/lujiaxian/APP/Fit/DerivedData/ModuleCache.noindex/Darwin-FWH0XRXN1P88CA31LPURYQWB.pcm

SwiftExplicitDependencyGeneratePcm arm64 /Users/lujiaxian/APP/Fit/DerivedData/ModuleCache.noindex/simd-176N7QO0FJL20MKZM4WBOSSX6.pcm
2025-10-09 20:11:15.580 xcodebuild[46259:9616558]  DTDKRemoteDeviceConnection: Failed to start remote service "com.apple.mobile.notification_proxy" on device. Error: Error Domain=com.apple.dtdevicekit Code=811 "Failed to start remote service "com.apple.mobile.notification_proxy" on device." UserInfo={NSUnderlyingError=0xc429c8360 {Error Domain=com.apple.dt.MobileDeviceErrorDomain Code=-402653158 "The device is passcode protected." UserInfo={MobileDeviceErrorCode=(0xE800001A), com.apple.dtdevicekit.stacktrace=(
	0   DTDeviceKitBase                     0x00000001149fe644 DTDKCreateNSErrorFromAMDErrorCode + 312
	1   DTDeviceKitBase                     0x0000000114a0a3c0 __63-[DTDKRemoteDeviceConnection startFirstServiceOf:unlockKeybag:]_block_invoke + 368
	2   DTDeviceKitBase                     0x0000000114a09bc8 __48-[DTDKRemoteDeviceConnection futureWithSession:]_block_invoke_4 + 28
	3   DTDeviceKitBase                     0x0000000114a006b4 __DTDKExecuteInSession_block_invoke_2 + 68
	4   DTDeviceKitBase                     0x00000001149ffdf4 __DTDKExecuteWithConnection_block_invoke_2 + 216
	5   DTDeviceKitBase                     0x00000001149ffcf0 __DTDKExecuteWithConnection_block_invoke + 104
	6   libdispatch.dylib                   0x0000000181816ac4 _dispatch_client_callout + 16
	7   libdispatch.dylib                   0x000000018180c940 _dispatch_lane_barrier_sync_invoke_and_complete + 56
	8   DVTFoundation                       0x000000010d1786cc DVTDispatchBarrierSync + 148
	9   DVTFoundation                       0x000000010d17982c -[DVTDispatchLock performLockedBlock:] + 60
	10  DTDeviceKitBase                     0x00000001149ffbf4 DTDKExecuteWithConnection + 200
	11  DTDeviceKitBase                     0x0000000114a00548 DTDKExecuteInSession + 260
	12  DTDeviceKitBase                     0x0000000114a0999c __48-[DTDKRemoteDeviceConnection futureWithSession:]_block_invoke_2 + 204
	13  DVTFoundation                       0x000000010d177a90 __DVT_CALLING_CLIENT_BLOCK__ + 16
	14  DVTFoundation                       0x000000010d178410 __DVTDispatchAsync_block_invoke + 152
	15  libdispatch.dylib                   0x00000001817fcb5c _dispatch_call_block_and_release + 32
	16  libdispatch.dylib                   0x0000000181816ac4 _dispatch_client_callout + 16
	17  libdispatch.dylib                   0x00000001818054e8 _dispatch_lane_serial_drain + 740
	18  libdispatch.dylib                   0x0000000181805ff8 _dispatch_lane_invoke + 440
	19  libdispatch.dylib                   0x0000000181810474 _dispatch_root_queue_drain_deferred_wlh + 292
	20  libdispatch.dylib                   0x000000018180fd6c _dispatch_workloop_worker_thread + 692
	21  libsystem_pthread.dylib             0x00000001819b4e4c _pthread_wqthread + 292
	22  libsystem_pthread.dylib             0x00000001819b3b9c start_wqthread + 8
), DVTRadarComponentKey=261622, NSLocalizedDescription=The device is passcode protected.}}, NSLocalizedRecoverySuggestion=Please check your connection to your device., DVTRadarComponentKey=261622, NSLocalizedDescription=Failed to start remote service "com.apple.mobile.notification_proxy" on device.}

SwiftExplicitDependencyGeneratePcm arm64 /Users/lujiaxian/APP/Fit/DerivedData/ModuleCache.noindex/ObjectiveC-BE9MCJHLMGAPVLKEMHKVQ0VT3.pcm

SwiftExplicitDependencyGeneratePcm arm64 /Users/lujiaxian/APP/Fit/DerivedData/ModuleCache.noindex/MachO-9FHYGULE7S18PGYX82CN278O8.pcm

SwiftExplicitDependencyGeneratePcm arm64 /Users/lujiaxian/APP/Fit/DerivedData/ModuleCache.noindex/os_object-5XH4Z3C2EG57XCNSKKMDORDSD.pcm

SwiftExplicitDependencyGeneratePcm arm64 /Users/lujiaxian/APP/Fit/DerivedData/ModuleCache.noindex/os_workgroup-3WJ1434OZ6LI70M86UPS55TO9.pcm

SwiftExplicitDependencyGeneratePcm arm64 /Users/lujiaxian/APP/Fit/DerivedData/ModuleCache.noindex/Spatial-9BDPKAPZ5MBN8PTH1CW8AMEZY.pcm

SwiftExplicitDependencyGeneratePcm arm64 /Users/lujiaxian/APP/Fit/DerivedData/ModuleCache.noindex/Dispatch-8B9SUI5B914P8OD4OURP7VC7Q.pcm

SwiftExplicitDependencyGeneratePcm arm64 /Users/lujiaxian/APP/Fit/DerivedData/ModuleCache.noindex/XPC-88FE64UQGASMGAFOUQLQ7C99L.pcm

SwiftExplicitDependencyGeneratePcm arm64 /Users/lujiaxian/APP/Fit/DerivedData/ModuleCache.noindex/CoreFoundation-CHL8NHBSL2C8X3TREL1EQUWRX.pcm

SwiftExplicitDependencyGeneratePcm arm64 /Users/lujiaxian/APP/Fit/DerivedData/ModuleCache.noindex/os-CL97G3WHQVEBTBUEDO9W8HKRX.pcm

SwiftExplicitDependencyGeneratePcm arm64 /Users/lujiaxian/APP/Fit/DerivedData/ModuleCache.noindex/Security-1A2AAMAU7IJY5WCMHSI8TUBCE.pcm

SwiftExplicitDependencyGeneratePcm arm64 /Users/lujiaxian/APP/Fit/DerivedData/ModuleCache.noindex/CoreGraphics-4KY7X4TCYYJ42JKKXRDAWBPF3.pcm

SwiftExplicitDependencyGeneratePcm arm64 /Users/lujiaxian/APP/Fit/DerivedData/ModuleCache.noindex/CFNetwork-CMJYDACXL7ODR5Y8D4EYSS65W.pcm

SwiftExplicitDependencyGeneratePcm arm64 /Users/lujiaxian/APP/Fit/DerivedData/ModuleCache.noindex/Foundation-6YDIXJT70BQLZA9QP7QTS54EI.pcm

SwiftExplicitDependencyGeneratePcm arm64 /Users/lujiaxian/APP/Fit/DerivedData/ModuleCache.noindex/ImageIO-1Y4XJPK9C2BRJIDIJVJ0SDI5L.pcm

SwiftExplicitDependencyGeneratePcm arm64 /Users/lujiaxian/APP/Fit/DerivedData/ModuleCache.noindex/CoreText-26M7GML8KRWQSC09Z7FSEOW3E.pcm

SwiftExplicitDependencyGeneratePcm arm64 /Users/lujiaxian/APP/Fit/DerivedData/ModuleCache.noindex/FileProvider-DN1C0E58KDE3BNUN64FQRSD81.pcm

SwiftExplicitDependencyGeneratePcm arm64 /Users/lujiaxian/APP/Fit/DerivedData/ModuleCache.noindex/UniformTypeIdentifiers-DB5TIB1BKKFZ7XNO23JEA0EJZ.pcm

SwiftExplicitDependencyGeneratePcm arm64 /Users/lujiaxian/APP/Fit/DerivedData/ModuleCache.noindex/IOSurface-C9DBLWWNJD0Q88US96J1AJM2D.pcm

SwiftExplicitDependencyGeneratePcm arm64 /Users/lujiaxian/APP/Fit/DerivedData/ModuleCache.noindex/UserNotifications-1Z6DPR10UGZENABWOJWXWFQ9G.pcm

SwiftExplicitDependencyGeneratePcm arm64 /Users/lujiaxian/APP/Fit/DerivedData/ModuleCache.noindex/CoreData-AMS9A50BSF0KGS5MGAO9TN5M2.pcm

SwiftExplicitDependencyGeneratePcm arm64 /Users/lujiaxian/APP/Fit/DerivedData/ModuleCache.noindex/Symbols-8II71H66DBM1U126H8U6M4BYL.pcm

SwiftExplicitDependencyGeneratePcm arm64 /Users/lujiaxian/APP/Fit/DerivedData/ModuleCache.noindex/CoreTransferable-9HLLA24IA8WACB3UCLEW0J0BM.pcm

SwiftExplicitDependencyGeneratePcm arm64 /Users/lujiaxian/APP/Fit/DerivedData/ModuleCache.noindex/OSLog-45UYS95YZ1MQ6FIPKAR0OKLG.pcm

SwiftExplicitDependencyGeneratePcm arm64 /Users/lujiaxian/APP/Fit/DerivedData/ModuleCache.noindex/Accessibility-1VZWPJOTX7VJ2WKDZOZNHP5BE.pcm

SwiftExplicitDependencyGeneratePcm arm64 /Users/lujiaxian/APP/Fit/DerivedData/ModuleCache.noindex/UIUtilities-8MG00FA5CY53QFNMP33FUBC22.pcm

SwiftExplicitDependencyGeneratePcm arm64 /Users/lujiaxian/APP/Fit/DerivedData/ModuleCache.noindex/OpenGLES-AEIWV6KMF8VDU5P62P0E6M9C4.pcm

SwiftExplicitDependencyGeneratePcm arm64 /Users/lujiaxian/APP/Fit/DerivedData/ModuleCache.noindex/DataDetection-9MYQ9YYALUSOW8EBP2VDHFEYW.pcm

SwiftExplicitDependencyGeneratePcm arm64 /Users/lujiaxian/APP/Fit/DerivedData/ModuleCache.noindex/Metal-6TGEWAXPIC6WZDPZTC5X719HI.pcm

SwiftExplicitDependencyGeneratePcm arm64 /Users/lujiaxian/APP/Fit/DerivedData/ModuleCache.noindex/CoreVideo-79W5GBVMSLHET2TZMR8PE411S.pcm

SwiftExplicitDependencyGeneratePcm arm64 /Users/lujiaxian/APP/Fit/DerivedData/ModuleCache.noindex/QuartzCore-9W57TOO83AU420HYQLQ4RNQYI.pcm

SwiftExplicitDependencyGeneratePcm arm64 /Users/lujiaxian/APP/Fit/DerivedData/ModuleCache.noindex/CoreImage-1QVLZEYJYGFQJH1JU9KPWP816.pcm

SwiftExplicitDependencyGeneratePcm arm64 /Users/lujiaxian/APP/Fit/DerivedData/ModuleCache.noindex/SwiftUICore-6CL8QFREI0LKBU9ERY0K0XQWI.pcm

SwiftExplicitDependencyGeneratePcm arm64 /Users/lujiaxian/APP/Fit/DerivedData/ModuleCache.noindex/UIKit-DC3W24J41J954GPKQ8DZ2UY35.pcm

SwiftExplicitDependencyGeneratePcm arm64 /Users/lujiaxian/APP/Fit/DerivedData/ModuleCache.noindex/SwiftUI-BPXD2M71146ZOBHO3PDHELI38.pcm

SwiftEmitModule normal arm64 Emitting\ module\ for\ Fit (in target 'Fit' from project 'Fit')

EmitSwiftModule normal arm64 (in target 'Fit' from project 'Fit')
    cd /Users/lujiaxian/APP/Fit
    
2025-10-09 20:11:17.174 xcodebuild[46259:9616559]  DTDKRemoteDeviceConnection: Failed to start remote service "com.apple.mobile.notification_proxy" on device. Error: Error Domain=com.apple.dtdevicekit Code=811 "Failed to start remote service "com.apple.mobile.notification_proxy" on device." UserInfo={NSUnderlyingError=0xc42214060 {Error Domain=com.apple.dt.MobileDeviceErrorDomain Code=-402653158 "The device is passcode protected." UserInfo={MobileDeviceErrorCode=(0xE800001A), com.apple.dtdevicekit.stacktrace=(
	0   DTDeviceKitBase                     0x00000001149fe644 DTDKCreateNSErrorFromAMDErrorCode + 312
	1   DTDeviceKitBase                     0x0000000114a0a3c0 __63-[DTDKRemoteDeviceConnection startFirstServiceOf:unlockKeybag:]_block_invoke + 368
	2   DTDeviceKitBase                     0x0000000114a09bc8 __48-[DTDKRemoteDeviceConnection futureWithSession:]_block_invoke_4 + 28
	3   DTDeviceKitBase                     0x0000000114a006b4 __DTDKExecuteInSession_block_invoke_2 + 68
	4   DTDeviceKitBase                     0x00000001149ffdf4 __DTDKExecuteWithConnection_block_invoke_2 + 216
	5   DTDeviceKitBase                     0x00000001149ffcf0 __DTDKExecuteWithConnection_block_invoke + 104
	6   libdispatch.dylib                   0x0000000181816ac4 _dispatch_client_callout + 16
	7   libdispatch.dylib                   0x000000018180c940 _dispatch_lane_barrier_sync_invoke_and_complete + 56
	8   DVTFoundation                       0x000000010d1786cc DVTDispatchBarrierSync + 148
	9   DVTFoundation                       0x000000010d17982c -[DVTDispatchLock performLockedBlock:] + 60
	10  DTDeviceKitBase                     0x00000001149ffbf4 DTDKExecuteWithConnection + 200
	11  DTDeviceKitBase                     0x0000000114a00548 DTDKExecuteInSession + 260
	12  DTDeviceKitBase                     0x0000000114a0999c __48-[DTDKRemoteDeviceConnection futureWithSession:]_block_invoke_2 + 204
	13  DVTFoundation                       0x000000010d177a90 __DVT_CALLING_CLIENT_BLOCK__ + 16
	14  DVTFoundation                       0x000000010d178410 __DVTDispatchAsync_block_invoke + 152
	15  libdispatch.dylib                   0x00000001817fcb5c _dispatch_call_block_and_release + 32
	16  libdispatch.dylib                   0x0000000181816ac4 _dispatch_client_callout + 16
	17  libdispatch.dylib                   0x00000001818054e8 _dispatch_lane_serial_drain + 740
	18  libdispatch.dylib                   0x0000000181805ff8 _dispatch_lane_invoke + 440
	19  libdispatch.dylib                   0x0000000181810474 _dispatch_root_queue_drain_deferred_wlh + 292
	20  libdispatch.dylib                   0x000000018180fd6c _dispatch_workloop_worker_thread + 692
	21  libsystem_pthread.dylib             0x00000001819b4e4c _pthread_wqthread + 292
	22  libsystem_pthread.dylib             0x00000001819b3b9c start_wqthread + 8
), DVTRadarComponentKey=261622, NSLocalizedDescription=The device is passcode protected.}}, NSLocalizedRecoverySuggestion=Please check your connection to your device., DVTRadarComponentKey=261622, NSLocalizedDescription=Failed to start remote service "com.apple.mobile.notification_proxy" on device.}

SwiftCompile normal arm64 Compiling\ FitApp.swift /Users/lujiaxian/APP/Fit/Fit/FitApp.swift (in target 'Fit' from project 'Fit')
SwiftCompile normal arm64 /Users/lujiaxian/APP/Fit/Fit/FitApp.swift (in target 'Fit' from project 'Fit')
    cd /Users/lujiaxian/APP/Fit
    

SwiftCompile normal arm64 Compiling\ ContentView.swift /Users/lujiaxian/APP/Fit/Fit/ContentView.swift (in target 'Fit' from project 'Fit')
SwiftCompile normal arm64 /Users/lujiaxian/APP/Fit/Fit/ContentView.swift (in target 'Fit' from project 'Fit')
    cd /Users/lujiaxian/APP/Fit
    

SwiftCompile normal arm64 Compiling\ GeneratedAssetSymbols.swift /Users/lujiaxian/APP/Fit/DerivedData/Build/Intermediates.noindex/Fit.build/Debug-iphonesimulator/Fit.build/DerivedSources/GeneratedAssetSymbols.swift (in target 'Fit' from project 'Fit')
SwiftCompile normal arm64 /Users/lujiaxian/APP/Fit/DerivedData/Build/Intermediates.noindex/Fit.build/Debug-iphonesimulator/Fit.build/DerivedSources/GeneratedAssetSymbols.swift (in target 'Fit' from project 'Fit')
    cd /Users/lujiaxian/APP/Fit
    
2025-10-09 20:11:19.028 xcodebuild[46259:9616589]  DTDKRemoteDeviceConnection: Failed to start remote service "com.apple.mobile.notification_proxy" on device. Error: Error Domain=com.apple.dtdevicekit Code=811 "Failed to start remote service "com.apple.mobile.notification_proxy" on device." UserInfo={NSUnderlyingError=0xc42fea3a0 {Error Domain=com.apple.dt.MobileDeviceErrorDomain Code=-402653158 "The device is passcode protected." UserInfo={MobileDeviceErrorCode=(0xE800001A), com.apple.dtdevicekit.stacktrace=(
	0   DTDeviceKitBase                     0x00000001149fe644 DTDKCreateNSErrorFromAMDErrorCode + 312
	1   DTDeviceKitBase                     0x0000000114a0a3c0 __63-[DTDKRemoteDeviceConnection startFirstServiceOf:unlockKeybag:]_block_invoke + 368
	2   DTDeviceKitBase                     0x0000000114a09bc8 __48-[DTDKRemoteDeviceConnection futureWithSession:]_block_invoke_4 + 28
	3   DTDeviceKitBase                     0x0000000114a006b4 __DTDKExecuteInSession_block_invoke_2 + 68
	4   DTDeviceKitBase                     0x00000001149ffdf4 __DTDKExecuteWithConnection_block_invoke_2 + 216
	5   DTDeviceKitBase                     0x00000001149ffcf0 __DTDKExecuteWithConnection_block_invoke + 104
	6   libdispatch.dylib                   0x0000000181816ac4 _dispatch_client_callout + 16
	7   libdispatch.dylib                   0x000000018180c940 _dispatch_lane_barrier_sync_invoke_and_complete + 56
	8   DVTFoundation                       0x000000010d1786cc DVTDispatchBarrierSync + 148
	9   DVTFoundation                       0x000000010d17982c -[DVTDispatchLock performLockedBlock:] + 60
	10  DTDeviceKitBase                     0x00000001149ffbf4 DTDKExecuteWithConnection + 200
	11  DTDeviceKitBase                     0x0000000114a00548 DTDKExecuteInSession + 260
	12  DTDeviceKitBase                     0x0000000114a0999c __48-[DTDKRemoteDeviceConnection futureWithSession:]_block_invoke_2 + 204
	13  DVTFoundation                       0x000000010d177a90 __DVT_CALLING_CLIENT_BLOCK__ + 16
	14  DVTFoundation                       0x000000010d178410 __DVTDispatchAsync_block_invoke + 152
	15  libdispatch.dylib                   0x00000001817fcb5c _dispatch_call_block_and_release + 32
	16  libdispatch.dylib                   0x0000000181816ac4 _dispatch_client_callout + 16
	17  libdispatch.dylib                   0x00000001818054e8 _dispatch_lane_serial_drain + 740
	18  libdispatch.dylib                   0x0000000181805ff8 _dispatch_lane_invoke + 440
	19  libdispatch.dylib                   0x0000000181810474 _dispatch_root_queue_drain_deferred_wlh + 292
	20  libdispatch.dylib                   0x000000018180fd6c _dispatch_workloop_worker_thread + 692
	21  libsystem_pthread.dylib             0x00000001819b4e4c _pthread_wqthread + 292
	22  libsystem_pthread.dylib             0x00000001819b3b9c start_wqthread + 8
), DVTRadarComponentKey=261622, NSLocalizedDescription=The device is passcode protected.}}, NSLocalizedRecoverySuggestion=Please check your connection to your device., DVTRadarComponentKey=261622, NSLocalizedDescription=Failed to start remote service "com.apple.mobile.notification_proxy" on device.}

SwiftDriverJobDiscovery normal arm64 Emitting module for Fit (in target 'Fit' from project 'Fit')

SwiftDriver\ Compilation\ Requirements Fit normal arm64 com.apple.xcode.tools.swift.compiler (in target 'Fit' from project 'Fit')
    cd /Users/lujiaxian/APP/Fit
    builtin-Swift-Compilation-Requirements -- /Applications/Xcode.app/Contents/Developer/Toolchains/XcodeDefault.xctoolchain/usr/bin/swiftc -module-name Fit -Onone -enforce-exclusivity\=checked @/Users/lujiaxian/APP/Fit/DerivedData/Build/Intermediates.noindex/Fit.build/Debug-iphonesimulator/Fit.build/Objects-normal/arm64/Fit.SwiftFileList -DDEBUG -default-isolation\=MainActor -enable-bare-slash-regex -enable-upcoming-feature DisableOutwardActorInference -enable-upcoming-feature InferSendableFromCaptures -enable-upcoming-feature GlobalActorIsolatedTypesUsability -enable-upcoming-feature MemberImportVisibility -enable-upcoming-feature InferIsolatedConformances -enable-upcoming-feature NonisolatedNonsendingByDefault -enable-experimental-feature DebugDescriptionMacro -sdk /Applications/Xcode.app/Contents/Developer/Platforms/iPhoneSimulator.platform/Developer/SDKs/iPhoneSimulator26.0.sdk -target arm64-apple-ios26.0-simulator -g -module-cache-path /Users/lujiaxian/APP/Fit/DerivedData/ModuleCache.noindex -Xfrontend -serialize-debugging-options -enable-testing -index-store-path /Users/lujiaxian/APP/Fit/DerivedData/Index.noindex/DataStore -Xcc -D_LIBCPP_HARDENING_MODE\=_LIBCPP_HARDENING_MODE_DEBUG -swift-version 5 -I /Users/lujiaxian/APP/Fit/DerivedData/Build/Products/Debug-iphonesimulator -F /Users/lujiaxian/APP/Fit/DerivedData/Build/Products/Debug-iphonesimulator -emit-localized-strings -emit-localized-strings-path /Users/lujiaxian/APP/Fit/DerivedData/Build/Intermediates.noindex/Fit.build/Debug-iphonesimulator/Fit.build/Objects-normal/arm64 -c -j10 -enable-batch-mode -incremental -Xcc -ivfsstatcache -Xcc /Users/lujiaxian/APP/Fit/DerivedData/SDKStatCaches.noindex/iphonesimulator26.0-23A339-26257891a6c027eb51374368541b8346.sdkstatcache -output-file-map /Users/lujiaxian/APP/Fit/DerivedData/Build/Intermediates.noindex/Fit.build/Debug-iphonesimulator/Fit.build/Objects-normal/arm64/Fit-OutputFileMap.json -use-frontend-parseable-output -save-temps -no-color-diagnostics -explicit-module-build -module-cache-path /Users/lujiaxian/APP/Fit/DerivedData/Build/Intermediates.noindex/SwiftExplicitPrecompiledModules -clang-scanner-module-cache-path /Users/lujiaxian/APP/Fit/DerivedData/ModuleCache.noindex -sdk-module-cache-path /Users/lujiaxian/APP/Fit/DerivedData/ModuleCache.noindex -serialize-diagnostics -emit-dependencies -emit-module -emit-module-path /Users/lujiaxian/APP/Fit/DerivedData/Build/Intermediates.noindex/Fit.build/Debug-iphonesimulator/Fit.build/Objects-normal/arm64/Fit.swiftmodule -validate-clang-modules-once -clang-build-session-file /Users/lujiaxian/APP/Fit/DerivedData/ModuleCache.noindex/Session.modulevalidation -Xcc -I/Users/lujiaxian/APP/Fit/DerivedData/Build/Intermediates.noindex/Fit.build/Debug-iphonesimulator/Fit.build/swift-overrides.hmap -emit-const-values -Xfrontend -const-gather-protocols-file -Xfrontend /Users/lujiaxian/APP/Fit/DerivedData/Build/Intermediates.noindex/Fit.build/Debug-iphonesimulator/Fit.build/Objects-normal/arm64/Fit_const_extract_protocols.json -Xcc -iquote -Xcc /Users/lujiaxian/APP/Fit/DerivedData/Build/Intermediates.noindex/Fit.build/Debug-iphonesimulator/Fit.build/Fit-generated-files.hmap -Xcc -I/Users/lujiaxian/APP/Fit/DerivedData/Build/Intermediates.noindex/Fit.build/Debug-iphonesimulator/Fit.build/Fit-own-target-headers.hmap -Xcc -I/Users/lujiaxian/APP/Fit/DerivedData/Build/Intermediates.noindex/Fit.build/Debug-iphonesimulator/Fit.build/Fit-all-target-headers.hmap -Xcc -iquote -Xcc /Users/lujiaxian/APP/Fit/DerivedData/Build/Intermediates.noindex/Fit.build/Debug-iphonesimulator/Fit.build/Fit-project-headers.hmap -Xcc -I/Users/lujiaxian/APP/Fit/DerivedData/Build/Products/Debug-iphonesimulator/include -Xcc -I/Users/lujiaxian/APP/Fit/DerivedData/Build/Intermediates.noindex/Fit.build/Debug-iphonesimulator/Fit.build/DerivedSources-normal/arm64 -Xcc -I/Users/lujiaxian/APP/Fit/DerivedData/Build/Intermediates.noindex/Fit.build/Debug-iphonesimulator/Fit.build/DerivedSources/arm64 -Xcc -I/Users/lujiaxian/APP/Fit/DerivedData/Build/Intermediates.noindex/Fit.build/Debug-iphonesimulator/Fit.build/DerivedSources -Xcc -DDEBUG\=1 -emit-objc-header -emit-objc-header-path /Users/lujiaxian/APP/Fit/DerivedData/Build/Intermediates.noindex/Fit.build/Debug-iphonesimulator/Fit.build/Objects-normal/arm64/Fit-Swift.h -working-directory /Users/lujiaxian/APP/Fit -experimental-emit-module-separately -disable-cmo

SwiftMergeGeneratedHeaders /Users/lujiaxian/APP/Fit/DerivedData/Build/Intermediates.noindex/Fit.build/Debug-iphonesimulator/Fit.build/DerivedSources/Fit-Swift.h /Users/lujiaxian/APP/Fit/DerivedData/Build/Intermediates.noindex/Fit.build/Debug-iphonesimulator/Fit.build/Objects-normal/arm64/Fit-Swift.h (in target 'Fit' from project 'Fit')
    cd /Users/lujiaxian/APP/Fit
    builtin-swiftHeaderTool -arch arm64 /Users/lujiaxian/APP/Fit/DerivedData/Build/Intermediates.noindex/Fit.build/Debug-iphonesimulator/Fit.build/Objects-normal/arm64/Fit-Swift.h -o /Users/lujiaxian/APP/Fit/DerivedData/Build/Intermediates.noindex/Fit.build/Debug-iphonesimulator/Fit.build/DerivedSources/Fit-Swift.h

Copy /Users/lujiaxian/APP/Fit/DerivedData/Build/Products/Debug-iphonesimulator/Fit.swiftmodule/arm64-apple-ios-simulator.swiftmodule /Users/lujiaxian/APP/Fit/DerivedData/Build/Intermediates.noindex/Fit.build/Debug-iphonesimulator/Fit.build/Objects-normal/arm64/Fit.swiftmodule (in target 'Fit' from project 'Fit')
    cd /Users/lujiaxian/APP/Fit
    builtin-copy -exclude .DS_Store -exclude CVS -exclude .svn -exclude .git -exclude .hg -resolve-src-symlinks -rename /Users/lujiaxian/APP/Fit/DerivedData/Build/Intermediates.noindex/Fit.build/Debug-iphonesimulator/Fit.build/Objects-normal/arm64/Fit.swiftmodule /Users/lujiaxian/APP/Fit/DerivedData/Build/Products/Debug-iphonesimulator/Fit.swiftmodule/arm64-apple-ios-simulator.swiftmodule

Copy /Users/lujiaxian/APP/Fit/DerivedData/Build/Products/Debug-iphonesimulator/Fit.swiftmodule/arm64-apple-ios-simulator.swiftdoc /Users/lujiaxian/APP/Fit/DerivedData/Build/Intermediates.noindex/Fit.build/Debug-iphonesimulator/Fit.build/Objects-normal/arm64/Fit.swiftdoc (in target 'Fit' from project 'Fit')
    cd /Users/lujiaxian/APP/Fit
    builtin-copy -exclude .DS_Store -exclude CVS -exclude .svn -exclude .git -exclude .hg -resolve-src-symlinks -rename /Users/lujiaxian/APP/Fit/DerivedData/Build/Intermediates.noindex/Fit.build/Debug-iphonesimulator/Fit.build/Objects-normal/arm64/Fit.swiftdoc /Users/lujiaxian/APP/Fit/DerivedData/Build/Products/Debug-iphonesimulator/Fit.swiftmodule/arm64-apple-ios-simulator.swiftdoc

Copy /Users/lujiaxian/APP/Fit/DerivedData/Build/Products/Debug-iphonesimulator/Fit.swiftmodule/arm64-apple-ios-simulator.abi.json /Users/lujiaxian/APP/Fit/DerivedData/Build/Intermediates.noindex/Fit.build/Debug-iphonesimulator/Fit.build/Objects-normal/arm64/Fit.abi.json (in target 'Fit' from project 'Fit')
    cd /Users/lujiaxian/APP/Fit
    builtin-copy -exclude .DS_Store -exclude CVS -exclude .svn -exclude .git -exclude .hg -resolve-src-symlinks -rename /Users/lujiaxian/APP/Fit/DerivedData/Build/Intermediates.noindex/Fit.build/Debug-iphonesimulator/Fit.build/Objects-normal/arm64/Fit.abi.json /Users/lujiaxian/APP/Fit/DerivedData/Build/Products/Debug-iphonesimulator/Fit.swiftmodule/arm64-apple-ios-simulator.abi.json

Copy /Users/lujiaxian/APP/Fit/DerivedData/Build/Products/Debug-iphonesimulator/Fit.swiftmodule/Project/arm64-apple-ios-simulator.swiftsourceinfo /Users/lujiaxian/APP/Fit/DerivedData/Build/Intermediates.noindex/Fit.build/Debug-iphonesimulator/Fit.build/Objects-normal/arm64/Fit.swiftsourceinfo (in target 'Fit' from project 'Fit')
    cd /Users/lujiaxian/APP/Fit
    builtin-copy -exclude .DS_Store -exclude CVS -exclude .svn -exclude .git -exclude .hg -resolve-src-symlinks -rename /Users/lujiaxian/APP/Fit/DerivedData/Build/Intermediates.noindex/Fit.build/Debug-iphonesimulator/Fit.build/Objects-normal/arm64/Fit.swiftsourceinfo /Users/lujiaxian/APP/Fit/DerivedData/Build/Products/Debug-iphonesimulator/Fit.swiftmodule/Project/arm64-apple-ios-simulator.swiftsourceinfo

SwiftDriverJobDiscovery normal arm64 Compiling FitApp.swift (in target 'Fit' from project 'Fit')

SwiftDriverJobDiscovery normal arm64 Compiling ContentView.swift (in target 'Fit' from project 'Fit')

SwiftDriverJobDiscovery normal arm64 Compiling GeneratedAssetSymbols.swift (in target 'Fit' from project 'Fit')

SwiftDriver\ Compilation Fit normal arm64 com.apple.xcode.tools.swift.compiler (in target 'Fit' from project 'Fit')
    cd /Users/lujiaxian/APP/Fit
    builtin-Swift-Compilation -- /Applications/Xcode.app/Contents/Developer/Toolchains/XcodeDefault.xctoolchain/usr/bin/swiftc -module-name Fit -Onone -enforce-exclusivity\=checked @/Users/lujiaxian/APP/Fit/DerivedData/Build/Intermediates.noindex/Fit.build/Debug-iphonesimulator/Fit.build/Objects-normal/arm64/Fit.SwiftFileList -DDEBUG -default-isolation\=MainActor -enable-bare-slash-regex -enable-upcoming-feature DisableOutwardActorInference -enable-upcoming-feature InferSendableFromCaptures -enable-upcoming-feature GlobalActorIsolatedTypesUsability -enable-upcoming-feature MemberImportVisibility -enable-upcoming-feature InferIsolatedConformances -enable-upcoming-feature NonisolatedNonsendingByDefault -enable-experimental-feature DebugDescriptionMacro -sdk /Applications/Xcode.app/Contents/Developer/Platforms/iPhoneSimulator.platform/Developer/SDKs/iPhoneSimulator26.0.sdk -target arm64-apple-ios26.0-simulator -g -module-cache-path /Users/lujiaxian/APP/Fit/DerivedData/ModuleCache.noindex -Xfrontend -serialize-debugging-options -enable-testing -index-store-path /Users/lujiaxian/APP/Fit/DerivedData/Index.noindex/DataStore -Xcc -D_LIBCPP_HARDENING_MODE\=_LIBCPP_HARDENING_MODE_DEBUG -swift-version 5 -I /Users/lujiaxian/APP/Fit/DerivedData/Build/Products/Debug-iphonesimulator -F /Users/lujiaxian/APP/Fit/DerivedData/Build/Products/Debug-iphonesimulator -emit-localized-strings -emit-localized-strings-path /Users/lujiaxian/APP/Fit/DerivedData/Build/Intermediates.noindex/Fit.build/Debug-iphonesimulator/Fit.build/Objects-normal/arm64 -c -j10 -enable-batch-mode -incremental -Xcc -ivfsstatcache -Xcc /Users/lujiaxian/APP/Fit/DerivedData/SDKStatCaches.noindex/iphonesimulator26.0-23A339-26257891a6c027eb51374368541b8346.sdkstatcache -output-file-map /Users/lujiaxian/APP/Fit/DerivedData/Build/Intermediates.noindex/Fit.build/Debug-iphonesimulator/Fit.build/Objects-normal/arm64/Fit-OutputFileMap.json -use-frontend-parseable-output -save-temps -no-color-diagnostics -explicit-module-build -module-cache-path /Users/lujiaxian/APP/Fit/DerivedData/Build/Intermediates.noindex/SwiftExplicitPrecompiledModules -clang-scanner-module-cache-path /Users/lujiaxian/APP/Fit/DerivedData/ModuleCache.noindex -sdk-module-cache-path /Users/lujiaxian/APP/Fit/DerivedData/ModuleCache.noindex -serialize-diagnostics -emit-dependencies -emit-module -emit-module-path /Users/lujiaxian/APP/Fit/DerivedData/Build/Intermediates.noindex/Fit.build/Debug-iphonesimulator/Fit.build/Objects-normal/arm64/Fit.swiftmodule -validate-clang-modules-once -clang-build-session-file /Users/lujiaxian/APP/Fit/DerivedData/ModuleCache.noindex/Session.modulevalidation -Xcc -I/Users/lujiaxian/APP/Fit/DerivedData/Build/Intermediates.noindex/Fit.build/Debug-iphonesimulator/Fit.build/swift-overrides.hmap -emit-const-values -Xfrontend -const-gather-protocols-file -Xfrontend /Users/lujiaxian/APP/Fit/DerivedData/Build/Intermediates.noindex/Fit.build/Debug-iphonesimulator/Fit.build/Objects-normal/arm64/Fit_const_extract_protocols.json -Xcc -iquote -Xcc /Users/lujiaxian/APP/Fit/DerivedData/Build/Intermediates.noindex/Fit.build/Debug-iphonesimulator/Fit.build/Fit-generated-files.hmap -Xcc -I/Users/lujiaxian/APP/Fit/DerivedData/Build/Intermediates.noindex/Fit.build/Debug-iphonesimulator/Fit.build/Fit-own-target-headers.hmap -Xcc -I/Users/lujiaxian/APP/Fit/DerivedData/Build/Intermediates.noindex/Fit.build/Debug-iphonesimulator/Fit.build/Fit-all-target-headers.hmap -Xcc -iquote -Xcc /Users/lujiaxian/APP/Fit/DerivedData/Build/Intermediates.noindex/Fit.build/Debug-iphonesimulator/Fit.build/Fit-project-headers.hmap -Xcc -I/Users/lujiaxian/APP/Fit/DerivedData/Build/Products/Debug-iphonesimulator/include -Xcc -I/Users/lujiaxian/APP/Fit/DerivedData/Build/Intermediates.noindex/Fit.build/Debug-iphonesimulator/Fit.build/DerivedSources-normal/arm64 -Xcc -I/Users/lujiaxian/APP/Fit/DerivedData/Build/Intermediates.noindex/Fit.build/Debug-iphonesimulator/Fit.build/DerivedSources/arm64 -Xcc -I/Users/lujiaxian/APP/Fit/DerivedData/Build/Intermediates.noindex/Fit.build/Debug-iphonesimulator/Fit.build/DerivedSources -Xcc -DDEBUG\=1 -emit-objc-header -emit-objc-header-path /Users/lujiaxian/APP/Fit/DerivedData/Build/Intermediates.noindex/Fit.build/Debug-iphonesimulator/Fit.build/Objects-normal/arm64/Fit-Swift.h -working-directory /Users/lujiaxian/APP/Fit -experimental-emit-module-separately -disable-cmo

Ld /Users/lujiaxian/APP/Fit/DerivedData/Build/Products/Debug-iphonesimulator/Fit.app/Fit.debug.dylib normal (in target 'Fit' from project 'Fit')
    cd /Users/lujiaxian/APP/Fit
    /Applications/Xcode.app/Contents/Developer/Toolchains/XcodeDefault.xctoolchain/usr/bin/clang -Xlinker -reproducible -target arm64-apple-ios26.0-simulator -dynamiclib -isysroot /Applications/Xcode.app/Contents/Developer/Platforms/iPhoneSimulator.platform/Developer/SDKs/iPhoneSimulator26.0.sdk -O0 -L/Users/lujiaxian/APP/Fit/DerivedData/Build/Intermediates.noindex/EagerLinkingTBDs/Debug-iphonesimulator -L/Users/lujiaxian/APP/Fit/DerivedData/Build/Products/Debug-iphonesimulator -F/Users/lujiaxian/APP/Fit/DerivedData/Build/Intermediates.noindex/EagerLinkingTBDs/Debug-iphonesimulator -F/Users/lujiaxian/APP/Fit/DerivedData/Build/Products/Debug-iphonesimulator -filelist /Users/lujiaxian/APP/Fit/DerivedData/Build/Intermediates.noindex/Fit.build/Debug-iphonesimulator/Fit.build/Objects-normal/arm64/Fit.LinkFileList -install_name @rpath/Fit.debug.dylib -Xlinker -rpath -Xlinker @executable_path/Frameworks -dead_strip -Xlinker -object_path_lto -Xlinker /Users/lujiaxian/APP/Fit/DerivedData/Build/Intermediates.noindex/Fit.build/Debug-iphonesimulator/Fit.build/Objects-normal/arm64/Fit_lto.o -rdynamic -Xlinker -no_deduplicate -Xlinker -objc_abi_version -Xlinker 2 -Xlinker -dependency_info -Xlinker /Users/lujiaxian/APP/Fit/DerivedData/Build/Intermediates.noindex/Fit.build/Debug-iphonesimulator/Fit.build/Objects-normal/arm64/Fit_dependency_info.dat -fobjc-link-runtime -L/Applications/Xcode.app/Contents/Developer/Toolchains/XcodeDefault.xctoolchain/usr/lib/swift/iphonesimulator -L/usr/lib/swift -Xlinker -add_ast_path -Xlinker /Users/lujiaxian/APP/Fit/DerivedData/Build/Intermediates.noindex/Fit.build/Debug-iphonesimulator/Fit.build/Objects-normal/arm64/Fit.swiftmodule @/Users/lujiaxian/APP/Fit/DerivedData/Build/Intermediates.noindex/Fit.build/Debug-iphonesimulator/Fit.build/Objects-normal/arm64/Fit-linker-args.resp -Xlinker -alias -Xlinker _main -Xlinker ___debug_main_executable_dylib_entry_point -Xlinker -no_adhoc_codesign -o /Users/lujiaxian/APP/Fit/DerivedData/Build/Products/Debug-iphonesimulator/Fit.app/Fit.debug.dylib

ConstructStubExecutorLinkFileList /Users/lujiaxian/APP/Fit/DerivedData/Build/Intermediates.noindex/Fit.build/Debug-iphonesimulator/Fit.build/Fit-ExecutorLinkFileList-normal-arm64.txt (in target 'Fit' from project 'Fit')
    cd /Users/lujiaxian/APP/Fit
    construct-stub-executor-link-file-list /Users/lujiaxian/APP/Fit/DerivedData/Build/Products/Debug-iphonesimulator/Fit.app/Fit.debug.dylib /Applications/Xcode.app/Contents/Developer/Platforms/iPhoneSimulator.platform/Developer/usr/lib/libPreviewsJITStubExecutor_no_swift_entry_point.a /Applications/Xcode.app/Contents/Developer/Platforms/iPhoneSimulator.platform/Developer/usr/lib/libPreviewsJITStubExecutor.a --output /Users/lujiaxian/APP/Fit/DerivedData/Build/Intermediates.noindex/Fit.build/Debug-iphonesimulator/Fit.build/Fit-ExecutorLinkFileList-normal-arm64.txt
note: Using stub executor library with Swift entry point. (in target 'Fit' from project 'Fit')

Ld /Users/lujiaxian/APP/Fit/DerivedData/Build/Products/Debug-iphonesimulator/Fit.app/Fit normal (in target 'Fit' from project 'Fit')
    cd /Users/lujiaxian/APP/Fit
    /Applications/Xcode.app/Contents/Developer/Toolchains/XcodeDefault.xctoolchain/usr/bin/clang -Xlinker -reproducible -target arm64-apple-ios26.0-simulator -isysroot /Applications/Xcode.app/Contents/Developer/Platforms/iPhoneSimulator.platform/Developer/SDKs/iPhoneSimulator26.0.sdk -O0 -L/Users/lujiaxian/APP/Fit/DerivedData/Build/Products/Debug-iphonesimulator -F/Users/lujiaxian/APP/Fit/DerivedData/Build/Products/Debug-iphonesimulator -Xlinker -rpath -Xlinker @executable_path -Xlinker -rpath -Xlinker @executable_path/Frameworks -rdynamic -Xlinker -no_deduplicate -Xlinker -objc_abi_version -Xlinker 2 -e ___debug_blank_executor_main -Xlinker -sectcreate -Xlinker __TEXT -Xlinker __debug_dylib -Xlinker /Users/lujiaxian/APP/Fit/DerivedData/Build/Intermediates.noindex/Fit.build/Debug-iphonesimulator/Fit.build/Fit-DebugDylibPath-normal-arm64.txt -Xlinker -sectcreate -Xlinker __TEXT -Xlinker __debug_instlnm -Xlinker /Users/lujiaxian/APP/Fit/DerivedData/Build/Intermediates.noindex/Fit.build/Debug-iphonesimulator/Fit.build/Fit-DebugDylibInstallName-normal-arm64.txt -Xlinker -filelist -Xlinker /Users/lujiaxian/APP/Fit/DerivedData/Build/Intermediates.noindex/Fit.build/Debug-iphonesimulator/Fit.build/Fit-ExecutorLinkFileList-normal-arm64.txt -Xlinker -sectcreate -Xlinker __TEXT -Xlinker __entitlements -Xlinker /Users/lujiaxian/APP/Fit/DerivedData/Build/Intermediates.noindex/Fit.build/Debug-iphonesimulator/Fit.build/Fit.app-Simulated.xcent -Xlinker -sectcreate -Xlinker __TEXT -Xlinker __ents_der -Xlinker /Users/lujiaxian/APP/Fit/DerivedData/Build/Intermediates.noindex/Fit.build/Debug-iphonesimulator/Fit.build/Fit.app-Simulated.xcent.der /Users/lujiaxian/APP/Fit/DerivedData/Build/Products/Debug-iphonesimulator/Fit.app/Fit.debug.dylib -Xlinker -no_adhoc_codesign -o /Users/lujiaxian/APP/Fit/DerivedData/Build/Products/Debug-iphonesimulator/Fit.app/Fit

CopySwiftLibs /Users/lujiaxian/APP/Fit/DerivedData/Build/Products/Debug-iphonesimulator/Fit.app (in target 'Fit' from project 'Fit')
    cd /Users/lujiaxian/APP/Fit
    builtin-swiftStdLibTool --copy --verbose --sign - --scan-executable /Users/lujiaxian/APP/Fit/DerivedData/Build/Products/Debug-iphonesimulator/Fit.app/Fit.debug.dylib --scan-folder /Users/lujiaxian/APP/Fit/DerivedData/Build/Products/Debug-iphonesimulator/Fit.app/Frameworks --scan-folder /Users/lujiaxian/APP/Fit/DerivedData/Build/Products/Debug-iphonesimulator/Fit.app/PlugIns --scan-folder /Users/lujiaxian/APP/Fit/DerivedData/Build/Products/Debug-iphonesimulator/Fit.app/SystemExtensions --scan-folder /Users/lujiaxian/APP/Fit/DerivedData/Build/Products/Debug-iphonesimulator/Fit.app/Extensions --platform iphonesimulator --toolchain /Applications/Xcode.app/Contents/Developer/Toolchains/XcodeDefault.xctoolchain --destination /Users/lujiaxian/APP/Fit/DerivedData/Build/Products/Debug-iphonesimulator/Fit.app/Frameworks --strip-bitcode --strip-bitcode-tool /Applications/Xcode.app/Contents/Developer/Toolchains/XcodeDefault.xctoolchain/usr/bin/bitcode_strip --emit-dependency-info /Users/lujiaxian/APP/Fit/DerivedData/Build/Intermediates.noindex/Fit.build/Debug-iphonesimulator/Fit.build/SwiftStdLibToolInputDependencies.dep --filter-for-swift-os

ExtractAppIntentsMetadata (in target 'Fit' from project 'Fit')
    cd /Users/lujiaxian/APP/Fit
    /Applications/Xcode.app/Contents/Developer/Toolchains/XcodeDefault.xctoolchain/usr/bin/appintentsmetadataprocessor --toolchain-dir /Applications/Xcode.app/Contents/Developer/Toolchains/XcodeDefault.xctoolchain --module-name Fit --sdk-root /Applications/Xcode.app/Contents/Developer/Platforms/iPhoneSimulator.platform/Developer/SDKs/iPhoneSimulator26.0.sdk --xcode-version 17A400 --platform-family iOS --deployment-target 26.0 --bundle-identifier Jason.Fit --output /Users/lujiaxian/APP/Fit/DerivedData/Build/Products/Debug-iphonesimulator/Fit.app --target-triple arm64-apple-ios26.0-simulator --binary-file /Users/lujiaxian/APP/Fit/DerivedData/Build/Products/Debug-iphonesimulator/Fit.app/Fit --dependency-file /Users/lujiaxian/APP/Fit/DerivedData/Build/Intermediates.noindex/Fit.build/Debug-iphonesimulator/Fit.build/Objects-normal/arm64/Fit_dependency_info.dat --stringsdata-file /Users/lujiaxian/APP/Fit/DerivedData/Build/Intermediates.noindex/Fit.build/Debug-iphonesimulator/Fit.build/Objects-normal/arm64/ExtractedAppShortcutsMetadata.stringsdata --source-file-list /Users/lujiaxian/APP/Fit/DerivedData/Build/Intermediates.noindex/Fit.build/Debug-iphonesimulator/Fit.build/Objects-normal/arm64/Fit.SwiftFileList --metadata-file-list /Users/lujiaxian/APP/Fit/DerivedData/Build/Intermediates.noindex/Fit.build/Debug-iphonesimulator/Fit.build/Fit.DependencyMetadataFileList --static-metadata-file-list /Users/lujiaxian/APP/Fit/DerivedData/Build/Intermediates.noindex/Fit.build/Debug-iphonesimulator/Fit.build/Fit.DependencyStaticMetadataFileList --swift-const-vals-list /Users/lujiaxian/APP/Fit/DerivedData/Build/Intermediates.noindex/Fit.build/Debug-iphonesimulator/Fit.build/Objects-normal/arm64/Fit.SwiftConstValuesFileList --compile-time-extraction --deployment-aware-processing --validate-assistant-intents --no-app-shortcuts-localization
2025-10-09 20:11:19.391 appintentsmetadataprocessor[46486:9617953] Starting appintentsmetadataprocessor export
2025-10-09 20:11:19.393 appintentsmetadataprocessor[46486:9617953] warning: Metadata extraction skipped. No AppIntents.framework dependency found.

AppIntentsSSUTraining (in target 'Fit' from project 'Fit')
    cd /Users/lujiaxian/APP/Fit
    /Applications/Xcode.app/Contents/Developer/Toolchains/XcodeDefault.xctoolchain/usr/bin/appintentsnltrainingprocessor --infoplist-path /Users/lujiaxian/APP/Fit/DerivedData/Build/Products/Debug-iphonesimulator/Fit.app/Info.plist --temp-dir-path /Users/lujiaxian/APP/Fit/DerivedData/Build/Intermediates.noindex/Fit.build/Debug-iphonesimulator/Fit.build/ssu --bundle-id Jason.Fit --product-path /Users/lujiaxian/APP/Fit/DerivedData/Build/Products/Debug-iphonesimulator/Fit.app --extracted-metadata-path /Users/lujiaxian/APP/Fit/DerivedData/Build/Products/Debug-iphonesimulator/Fit.app/Metadata.appintents --metadata-file-list /Users/lujiaxian/APP/Fit/DerivedData/Build/Intermediates.noindex/Fit.build/Debug-iphonesimulator/Fit.build/Fit.DependencyMetadataFileList --archive-ssu-assets
2025-10-09 20:11:19.411 appintentsnltrainingprocessor[46489:9617966] Parsing options for appintentsnltrainingprocessor
2025-10-09 20:11:19.411 appintentsnltrainingprocessor[46489:9617966] No AppShortcuts found - Skipping.

CodeSign /Users/lujiaxian/APP/Fit/DerivedData/Build/Products/Debug-iphonesimulator/Fit.app/Fit.debug.dylib (in target 'Fit' from project 'Fit')
    cd /Users/lujiaxian/APP/Fit
    
    Signing Identity:     "Sign to Run Locally"
    
    /usr/bin/codesign --force --sign - --timestamp\=none --generate-entitlement-der /Users/lujiaxian/APP/Fit/DerivedData/Build/Products/Debug-iphonesimulator/Fit.app/Fit.debug.dylib

CodeSign /Users/lujiaxian/APP/Fit/DerivedData/Build/Products/Debug-iphonesimulator/Fit.app/__preview.dylib (in target 'Fit' from project 'Fit')
    cd /Users/lujiaxian/APP/Fit
    
    Signing Identity:     "Sign to Run Locally"
    
    /usr/bin/codesign --force --sign - --timestamp\=none --generate-entitlement-der /Users/lujiaxian/APP/Fit/DerivedData/Build/Products/Debug-iphonesimulator/Fit.app/__preview.dylib

CodeSign /Users/lujiaxian/APP/Fit/DerivedData/Build/Products/Debug-iphonesimulator/Fit.app (in target 'Fit' from project 'Fit')
    cd /Users/lujiaxian/APP/Fit
    
    Signing Identity:     "Sign to Run Locally"
    
    /usr/bin/codesign --force --sign - --timestamp\=none --generate-entitlement-der /Users/lujiaxian/APP/Fit/DerivedData/Build/Products/Debug-iphonesimulator/Fit.app

RegisterExecutionPolicyException /Users/lujiaxian/APP/Fit/DerivedData/Build/Products/Debug-iphonesimulator/Fit.app (in target 'Fit' from project 'Fit')
    cd /Users/lujiaxian/APP/Fit
    builtin-RegisterExecutionPolicyException /Users/lujiaxian/APP/Fit/DerivedData/Build/Products/Debug-iphonesimulator/Fit.app

Validate /Users/lujiaxian/APP/Fit/DerivedData/Build/Products/Debug-iphonesimulator/Fit.app (in target 'Fit' from project 'Fit')
    cd /Users/lujiaxian/APP/Fit
    builtin-validationUtility /Users/lujiaxian/APP/Fit/DerivedData/Build/Products/Debug-iphonesimulator/Fit.app -shallow-bundle -infoplist-subpath Info.plist

Touch /Users/lujiaxian/APP/Fit/DerivedData/Build/Products/Debug-iphonesimulator/Fit.app (in target 'Fit' from project 'Fit')
    cd /Users/lujiaxian/APP/Fit
    /usr/bin/touch -c /Users/lujiaxian/APP/Fit/DerivedData/Build/Products/Debug-iphonesimulator/Fit.app

** BUILD SUCCEEDED **

